1942 "1942 (set 1)"
1943 "1943 - The Battle of Midway (US)"
altbeast "Altered Beast (Version 1)"
arkanoid "Arkanoid (World)"
astdelux "Asteroids Deluxe (rev 2)"
asteroid "Asteroids (rev 2)"
atetris "Tetris (set 1)"
berzerk "Berzerk (set 1)"
bnj "Bump 'n' Jump"
btime "Burger Time (Data East set 1)"
bublbobl "Bubble Bobble"
carnival "Carnival (Upright)"
ccastles "Crystal Castles (set 1)"
cclimber "Crazy Climber (US)"
centiped "Centipede (revision 3)"
chplftb "Choplifter (alternate)"
cloak "Cloak & Dagger"
commando "Commando (World)"
commsega "Commando (Sega)"
congo "Congo Bongo"
defender "Defender (Red label)"
digdug "Dig Dug (set 1)"
digdug2 "Dig Dug II (set 1)"
dkong "Donkey Kong (US)"
dkong3 "Donkey Kong 3 (US)"
dkongjr "Donkey Kong Junior (US)"
elevator "Elevator Action"
foodf "Food Fight"
frenzy "Frenzy"
frogger "Frogger"
galaga "Galaga (Namco)"
galaxian "Galaxian (Namco)"
gaunt2 "Gauntlet II"
gauntlet "Gauntlet"
gng "Ghosts'n Goblins (World? set 1)"
gorf "Gorf"
hardhat "Hard Hat"
invaders "Space Invaders"
invadpt2 "Space Invaders Part II (Taito)"
joust "Joust (White/Green label)"
jrpacman "Jr. Pac-Man"
junglek "Jungle King (Japan?)"
kangaroo "Kangaroo"
kchamp "Karate Champ (US)"
kungfum "Kung Fu Master"
ldrun "Lode Runner (set 1)"
ldrun2 "Lode Runner II - The Bungeling Strikes Back"
ldrun3 "Lode Runner III - Majin No Fukkatsu"
ldrun4 "Lode Runner IV - Teikoku Karano Dasshutsu"
llander "Lunar Lander (rev 2)"
mappy "Mappy (US)"
marble "Marble Madness (set 1)"
mario "Mario Bros. (US)"
milliped "Millipede"
missile "Missile Command (set 1)"
mpatrol "Moon Patrol"
mrdo "Mr. Do! (Universal)"
mspacman "Ms. Pac-Man"
mspacatk "Ms. Pac-Man Plus"
pacgal "Pac-Gal"
mtrap "Mouse Trap (version 5)"
omegrace "Omega Race"
pacman "Pac-Man (Midway)"
pacnpal "Pac & Pal"
pacplus "Pac-Man Plus"
pengo "Pengo (set 1)"
phoenix "Phoenix (Amstar)"
pooyan "Pooyan"
popeyebl "Popeye (bootleg)"
punchout "Punch-Out!!"
qbert "Q*bert (US)"
qix "Qix (set 1)"
rallyx "Rally X"
rampage "Rampage (revision 3)"
reactor "Reactor"
robotron "Robotron (Solid Blue label)"
sinistar "Sinistar (revision 3)"
spyhunt "Spy Hunter"
stargate "Stargate"
superpac "Super Pac-Man"
tapper "Tapper (Budweiser)"
sutapper "Tapper (Suntory)"
rbtapper "Tapper (Root Beer)"
tempest "Tempest (rev 3)"
tetrisbl "Tetris (Sega bootleg)"
trackfld "Track & Field"
tron "Tron (set 1)"
venture "Venture (version 5 set 1)"
zaxxon "Zaxxon (set 1)"
zookeep "Zoo Keeper (set 1)"
smashtv "Smash T.V. (rev 8.00)"
